C 50000

CE <078>
CH <118>
CP <138>
CR <178>

F 11

I 5

L * # #  # |   #        x


R {    1} {0} {} {} { } {} {} {} {} {} {1.000}
E {    2} {w} {w} {8} {0} {}

R {    2} {0} {} {} { } {} {} {} {} {} {1.000}
E {    1} {e} {e} {2} {0} {}
E {    3} {s} {s} {4} {0} {}
E {    4} {nw} {nw} {9} {0} {}

R {    3} {0} {} {} { } {} {} {} {} {} {1.000}
E {    2} {n} {n} {1} {0} {}

R {    4} {0} {} {} { } {} {} {} {} {} {1.000}
E {    2} {se} {se} {6} {0} {}
E {    5} {e} {e} {2} {0} {}
E {    6} {w} {w} {8} {0} {}

R {    5} {0} {} {} { } {} {} {} {} {} {1.000}
E {    4} {w} {w} {8} {0} {}

R {    6} {0} {} {} { } {} {} {} {} {} {1.000}
E {    4} {e} {e} {2} {0} {}
E {    7} {n} {n} {1} {0} {}

R {    7} {0} {} {} { } {} {} {} {} {} {1.000}
E {    6} {s} {s} {4} {0} {}
E {    8} {n} {n} {1} {0} {}

R {    8} {0} {} {} { } {} {} {} {} {} {1.000}
E {    7} {s} {s} {4} {0} {}
E {    9} {w} {w} {8} {0} {}
E {   10} {e} {e} {2} {0} {}

R {    9} {0} {} {} { } {} {} {} {} {} {1.000}
E {    8} {e} {e} {2} {0} {}

R {   10} {0} {} {} { } {} {} {} {} {} {1.000}
E {    8} {w} {w} {8} {0} {}
